[DestinationVertical,
0: Start: (1,2), End: (3,4), Generation: (5,6)
1: Start: (9,10), End: (11,12), Generation: (13,14)
,{X=7,Y=8}] => 0
[DestinationHorizontal,
0: Start: (1,2), End: (3,4), Generation: (5,6)
1: Start: (9,10), End: (11,12), Generation: (13,14)
,{X=7,Y=8}] => 0
[SourceHorizontal,
0: Start: (1,2), End: (3,4), Generation: (5,6)
1: Start: (9,10), End: (11,12), Generation: (13,14)
,{X=7,Y=8}] => 0
